// Jest Snapshot v1, https://goo.gl/fbAQLP

exports[`<RenderChildren /> should render RenderChildren component 1`] = `
<DocumentFragment>
  children_mock
</DocumentFragment>
`;
